 ------------------------------------------------------------------------------------------------------------------------------------------------------- 
| Snapshot                | WNS                  | TNS                  | Density (%) | Hotspot                   | Resource               | DRVs       |
|                         | HEPG (ns) | ALL (ns) | HEPG (ns) | ALL (ns) |             | Max (bins) | Total (bins) | Real (s) | Memory (MB) | Tran | Cap |
|-------------------------+-----------+----------+-----------+----------+-------------+------------+--------------+----------+-------------+------+-----|
| initial_summary         |     8.080 |    8.080 |           |        0 |       69.78 |            |              | 0:00:00  |        3541 |    0 |   0 |
| route_type_refinement   |           |          |           |          |             |            |              | 0:00:00  |        3542 |      |     |
| simplify_netlist        |           |          |           |          |             |            |              | 0:00:00  |        3558 |      |     |
| excluded_clk_net_fixing |           |          |           |          |             |            |              | 0:00:00  |        3558 |      |     |
| global_opt              |           |    8.080 |           |        0 |       69.78 |            |              | 0:00:01  |        3571 |      |     |
| area_reclaiming         |     8.080 |    8.080 |         0 |        0 |       69.78 |            |              | 0:00:00  |        3573 |      |     |
| area_reclaiming_2       |     8.080 |    8.080 |         0 |        0 |       69.78 |            |              | 0:00:01  |        3558 |      |     |
| local_wire_reclaim      |           |          |           |          |             |            |              | 0:00:00  |        3542 |      |     |
| global_route            |           |          |           |          |             |       0.00 |         0.00 | 0:00:00  |        3537 |      |     |
| route_type_refinement_2 |           |          |           |          |             |            |              | 0:00:00  |        3537 |      |     |
| drv_eco_fixing          |     8.079 |    8.079 |         0 |        0 |       69.78 |            |              | 0:00:01  |        3564 |    0 |   0 |
| final_summary           |     8.079 |    8.079 |           |        0 |       69.78 |            |              | 0:00:00  |        3562 |    0 |   0 |
 ------------------------------------------------------------------------------------------------------------------------------------------------------- 
