 ------------------------------------------------------------------------------------------------------------------------------------------------------- 
| Snapshot                | WNS                  | TNS                  | Density (%) | Hotspot                   | Resource               | DRVs       |
|                         | HEPG (ns) | ALL (ns) | HEPG (ns) | ALL (ns) |             | Max (bins) | Total (bins) | Real (s) | Memory (MB) | Tran | Cap |
|-------------------------+-----------+----------+-----------+----------+-------------+------------+--------------+----------+-------------+------+-----|
| initial_summary         |           |    8.063 |           |        0 |       69.78 |            |              | 0:00:01  |        3580 |    0 |   0 |
| simplify_netlist        |           |          |           |          |             |            |              | 0:00:00  |        3591 |      |     |
| drv_fixing              |           |          |           |          |             |            |              | 0:00:01  |        3591 |      |     |
| global_opt              |           |    8.063 |           |        0 |       69.78 |            |              | 0:00:00  |        3589 |      |     |
| area_reclaiming         |     0.000 |    8.063 |         0 |        0 |       69.78 |            |              | 0:00:00  |        3591 |      |     |
| incremental_replacement |           |          |           |          |             |       0.00 |         0.00 | 0:00:01  |        3593 |      |     |
| area_reclaiming_2       |     8.065 |    8.065 |         0 |        0 |       69.78 |            |              | 0:00:00  |        3602 |      |     |
| drv_eco_fixing          |     8.065 |    8.065 |         0 |        0 |       69.78 |            |              | 0:00:00  |        3603 |    0 |   0 |
| final_summary           |     8.065 |    8.065 |           |        0 |       69.78 |            |              | 0:00:01  |        3585 |    0 |   0 |
 ------------------------------------------------------------------------------------------------------------------------------------------------------- 
